---
source: src/helixmtdb/cli/query.rs
expression: "&out_data"
---
{"chrom":"chrM","pos":5,"ref_allele":"A","alt_allele":"C","num_total":196554,"num_het":0,"num_hom":1,"feature_type":"non_coding","gene_name":"MT-CRb"}

