---
source: src/helixmtdb/cli/query.rs
expression: "&out_data"
---
{"chrom":"chrM","pos":10,"ref_allele":"T","alt_allele":"C","num_total":196554,"num_het":1,"num_hom":7,"feature_type":"non_coding","gene_name":"MT-CRb"}

