---
source: src/helixmtdb/cli/query.rs
expression: "&out_data"
---

