---
source: src/tsv/coding.rs
expression: res
---
- ~
- 1
- 2.0999999046325684
- hello

