---
source: src/tsv/coding.rs
expression: res
---
- 112
- 0
- 0
- 0
- 1
- 64
- 6
- 102
- 102
- 104
- 101
- 108
- 108
- 111
- 0

