---
source: src/freqs/cli/query.rs
expression: "&out_data"
---
{"gnomad_mtdna":{"an":128256,"ac_hom":0,"ac_het":1},"helix_mtdb":{"an":0,"ac_hom":0,"ac_het":0}}

