---
source: src/gnomad_nuclear/cli/query.rs
expression: "&out_data"
---
{"chrom":"1","pos":55505599,"ref_allele":"C","alt_allele":"G","filters":[],"vep":[{"allele":"G","consequence":"missense_variant","impact":"MODERATE","symbol":"PCSK9","gene":"ENSG00000169174","feature_type":"Transcript","feature":"ENST00000302118","feature_biotype":"protein_coding","exon":"1/12","intron":null,"hgvsc":"ENST00000302118.5:c.89C>G","hgvsp":"ENSP00000303208.5:p.Ala30Gly","cdna_position":"379","cds_position":"89","protein_position":"30","amino_acids":"A/G","codons":"gCg/gGg","existing_variation":null,"dbsnp_id":"1","distance":null,"strand":"1","flags":null,"variant_class":"SNV","minimised":"1","symbol_source":"HGNC","hgnc_id":"20001","canonical":true,"tsl":null,"appris":null,"ccds":"CCDS603.1","ensp":"ENSP00000303208","swissprot":"Q8NBP7","trembl":null,"uniparc":"UPI00001615E1","gene_pheno":"1","sift":{"prediction":"deleterious_low_confidence","score":0.03},"polyphen":{"prediction":"possibly_damaging","score":0.583},"domains":[{"id":"SignalP-noTM","source":"Cleavage_site_(Signalp)"},{"id":"PTHR10795","source":"hmmpanther"},{"id":"PTHR10795","source":"hmmpanther"}],"hgvs_offset":null,"gmaf":null,"afr_maf":null,"amr_maf":null,"eas_maf":null,"eur_maf":null,"sas_maf":null,"aa_maf":null,"ea_maf":null,"exac_maf":null,"exac_adj_maf":null,"exac_afr_maf":null,"exac_amr_maf":null,"exac_eas_maf":null,"exac_fin_maf":null,"exac_nfe_maf":null,"exac_oth_maf":null,"exac_sas_maf":null,"clin_sig":null,"somatic":null,"pheno":null,"pubmed":null,"motif_name":null,"motif_pos":null,"high_inf_pos":null,"motif_score_change":null,"lof":null,"lof_filter":null,"lof_flags":null,"lof_info":"DE_NOVO_DONOR_PROB:0.146539915246404&MUTANT_DONOR_MES:8.16693067332728&DE_NOVO_DONOR_POS:-119&INTRON_END:55509515&DE_NOVO_DONOR_MES_POS:-122&INTRON_START:55505718&EXON_END:55505717&EXON_START:55505221&DE_NOVO_DONOR_MES:-1.61109392005567"},{"allele":"G","consequence":"missense_variant","impact":"MODERATE","symbol":"PCSK9","gene":"ENSG00000169174","feature_type":"Transcript","feature":"ENST00000452118","feature_biotype":"protein_coding","exon":"1/6","intron":null,"hgvsc":"ENST00000452118.2:c.89C>G","hgvsp":"ENSP00000401598.2:p.Ala30Gly","cdna_position":"169","cds_position":"89","protein_position":"30","amino_acids":"A/G","codons":"gCg/gGg","existing_variation":null,"dbsnp_id":"1","distance":null,"strand":"1","flags":null,"variant_class":"SNV","minimised":"1","symbol_source":"HGNC","hgnc_id":"20001","canonical":false,"tsl":null,"appris":null,"ccds":null,"ensp":"ENSP00000401598","swissprot":null,"trembl":"B4DEZ9","uniparc":"UPI00017A6F55","gene_pheno":"1","sift":{"prediction":"deleterious_low_confidence","score":0.02},"polyphen":{"prediction":"possibly_damaging","score":0.655},"domains":[{"id":"SignalP-noTM","source":"Cleavage_site_(Signalp)"},{"id":"PTHR10795","source":"hmmpanther"}],"hgvs_offset":null,"gmaf":null,"afr_maf":null,"amr_maf":null,"eas_maf":null,"eur_maf":null,"sas_maf":null,"aa_maf":null,"ea_maf":null,"exac_maf":null,"exac_adj_maf":null,"exac_afr_maf":null,"exac_amr_maf":null,"exac_eas_maf":null,"exac_fin_maf":null,"exac_nfe_maf":null,"exac_oth_maf":null,"exac_sas_maf":null,"clin_sig":null,"somatic":null,"pheno":null,"pubmed":null,"motif_name":null,"motif_pos":null,"high_inf_pos":null,"motif_score_change":null,"lof":null,"lof_filter":null,"lof_flags":null,"lof_info":"DE_NOVO_DONOR_MES_POS:-122&INTRON_START:55505718&INTRON_END:55509515&EXON_START:55505431&DE_NOVO_DONOR_MES:-1.61109392005567&EXON_END:55505717&MUTANT_DONOR_MES:8.16693067332728&DE_NOVO_DONOR_PROB:0.146539915246404&DE_NOVO_DONOR_POS:-119"},{"allele":"G","consequence":"upstream_gene_variant","impact":"MODIFIER","symbol":"PCSK9","gene":"ENSG00000169174","feature_type":"Transcript","feature":"ENST00000543384","feature_biotype":"protein_coding","exon":null,"intron":null,"hgvsc":null,"hgvsp":null,"cdna_position":null,"cds_position":null,"protein_position":null,"amino_acids":null,"codons":null,"existing_variation":null,"dbsnp_id":"1","distance":"296","strand":"1","flags":null,"variant_class":"SNV","minimised":"1","symbol_source":"HGNC","hgnc_id":"20001","canonical":false,"tsl":null,"appris":null,"ccds":null,"ensp":"ENSP00000441859","swissprot":null,"trembl":"F5GWF0","uniparc":"UPI000206501F","gene_pheno":"1","sift":null,"polyphen":null,"domains":[],"hgvs_offset":null,"gmaf":null,"afr_maf":null,"amr_maf":null,"eas_maf":null,"eur_maf":null,"sas_maf":null,"aa_maf":null,"ea_maf":null,"exac_maf":null,"exac_adj_maf":null,"exac_afr_maf":null,"exac_amr_maf":null,"exac_eas_maf":null,"exac_fin_maf":null,"exac_nfe_maf":null,"exac_oth_maf":null,"exac_sas_maf":null,"clin_sig":null,"somatic":null,"pheno":null,"pubmed":null,"motif_name":null,"motif_pos":null,"high_inf_pos":null,"motif_score_change":null,"lof":null,"lof_filter":null,"lof_flags":null,"lof_info":null},{"allele":"G","consequence":"regulatory_region_variant","impact":"MODIFIER","symbol":"","gene":"","feature_type":"RegulatoryFeature","feature":"ENSR00001037993","feature_biotype":"promoter","exon":null,"intron":null,"hgvsc":null,"hgvsp":null,"cdna_position":null,"cds_position":null,"protein_position":null,"amino_acids":null,"codons":null,"existing_variation":null,"dbsnp_id":"1","distance":null,"strand":null,"flags":null,"variant_class":"SNV","minimised":"1","symbol_source":null,"hgnc_id":null,"canonical":false,"tsl":null,"appris":null,"ccds":null,"ensp":null,"swissprot":null,"trembl":null,"uniparc":null,"gene_pheno":null,"sift":null,"polyphen":null,"domains":[],"hgvs_offset":null,"gmaf":null,"afr_maf":null,"amr_maf":null,"eas_maf":null,"eur_maf":null,"sas_maf":null,"aa_maf":null,"ea_maf":null,"exac_maf":null,"exac_adj_maf":null,"exac_afr_maf":null,"exac_amr_maf":null,"exac_eas_maf":null,"exac_fin_maf":null,"exac_nfe_maf":null,"exac_oth_maf":null,"exac_sas_maf":null,"clin_sig":null,"somatic":null,"pheno":null,"pubmed":null,"motif_name":null,"motif_pos":null,"high_inf_pos":null,"motif_score_change":null,"lof":null,"lof_filter":null,"lof_flags":null,"lof_info":null}],"allele_counts":[{"cohort":null,"by_population":[{"population":"afr","counts":{"overall":{"ac":0,"an":10278,"nhomalt":0,"af":0.0},"xx":{"ac":0,"an":6396,"nhomalt":0,"af":0.0},"xy":{"ac":0,"an":3882,"nhomalt":0,"af":0.0}},"faf95":0.0,"faf99":0.0},{"population":"amr","counts":{"overall":{"ac":0,"an":26912,"nhomalt":0,"af":0.0},"xx":{"ac":0,"an":15498,"nhomalt":0,"af":0.0},"xy":{"ac":0,"an":11414,"nhomalt":0,"af":0.0}},"faf95":0.0,"faf99":0.0},{"population":"asj","counts":{"overall":{"ac":0,"an":8820,"nhomalt":0,"af":0.0},"xx":{"ac":0,"an":4180,"nhomalt":0,"af":0.0},"xy":{"ac":0,"an":4640,"nhomalt":0,"af":0.0}},"faf95":null,"faf99":null},{"population":"eas","counts":{"overall":{"ac":0,"an":13152,"nhomalt":0,"af":0.0},"xx":{"ac":0,"an":6510,"nhomalt":0,"af":0.0},"xy":{"ac":0,"an":6642,"nhomalt":0,"af":0.0}},"faf95":0.0,"faf99":0.0},{"population":"eas_jpn","counts":{"overall":{"ac":0,"an":62,"nhomalt":0,"af":0.0},"xx":null,"xy":null},"faf95":null,"faf99":null},{"population":"eas_oea","counts":{"overall":{"ac":0,"an":10220,"nhomalt":0,"af":0.0},"xx":null,"xy":null},"faf95":null,"faf99":null},{"population":"eas_kor","counts":{"overall":{"ac":0,"an":2870,"nhomalt":0,"af":0.0},"xx":null,"xy":null},"faf95":null,"faf99":null},{"population":"fin","counts":{"overall":{"ac":0,"an":16514,"nhomalt":0,"af":0.0},"xx":{"ac":0,"an":8530,"nhomalt":0,"af":0.0},"xy":{"ac":0,"an":7984,"nhomalt":0,"af":0.0}},"faf95":null,"faf99":null},{"population":"nfe","counts":{"overall":{"ac":2,"an":74572,"nhomalt":0,"af":0.0000268197},"xx":{"ac":1,"an":33698,"nhomalt":0,"af":0.0000296754},"xy":{"ac":1,"an":40874,"nhomalt":0,"af":0.0000244654}},"faf95":0.00000445,"faf99":0.00000467},{"population":"nfe_bgr","counts":{"overall":{"ac":0,"an":1356,"nhomalt":0,"af":0.0},"xx":null,"xy":null},"faf95":null,"faf99":null},{"population":"nfe_est","counts":{"overall":{"ac":0,"an":208,"nhomalt":0,"af":0.0},"xx":null,"xy":null},"faf95":null,"faf99":null},{"population":"nfe_nwe","counts":{"overall":{"ac":2,"an":36842,"nhomalt":0,"af":0.0000542859},"xx":null,"xy":null},"faf95":null,"faf99":null},{"population":"nfe_onf","counts":{"overall":{"ac":0,"an":21582,"nhomalt":0,"af":0.0},"xx":null,"xy":null},"faf95":null,"faf99":null},{"population":"nfe_seu","counts":{"overall":{"ac":0,"an":4056,"nhomalt":0,"af":0.0},"xx":null,"xy":null},"faf95":null,"faf99":null},{"population":"nfe_swe","counts":{"overall":{"ac":0,"an":10528,"nhomalt":0,"af":0.0},"xx":null,"xy":null},"faf95":null,"faf99":null},{"population":"oth","counts":{"overall":{"ac":0,"an":4864,"nhomalt":0,"af":0.0},"xx":{"ac":0,"an":2342,"nhomalt":0,"af":0.0},"xy":{"ac":0,"an":2522,"nhomalt":0,"af":0.0}},"faf95":null,"faf99":null},{"population":"sas","counts":{"overall":{"ac":0,"an":24186,"nhomalt":0,"af":0.0},"xx":{"ac":0,"an":6130,"nhomalt":0,"af":0.0},"xy":{"ac":0,"an":18056,"nhomalt":0,"af":0.0}},"faf95":0.0,"faf99":0.0}],"by_sex":{"overall":{"ac":2,"an":179298,"nhomalt":0,"af":0.0000111546},"xx":{"ac":1,"an":83284,"nhomalt":0,"af":0.0000120071},"xy":{"ac":1,"an":96014,"nhomalt":0,"af":0.0000104151}},"raw":{"ac":2,"an":250244,"nhomalt":0,"af":0.0000079922},"popmax":"nfe","af_popmax":0.0000268197,"ac_popmax":2,"an_popmax":74572,"nhomalt_popmax":0},{"cohort":"controls","by_population":[{"population":"afr","counts":{"overall":{"ac":0,"an":3706,"nhomalt":0,"af":0.0},"xx":{"ac":0,"an":2086,"nhomalt":0,"af":0.0},"xy":{"ac":0,"an":1620,"nhomalt":0,"af":0.0}},"faf95":0.0,"faf99":0.0},{"population":"amr","counts":{"overall":{"ac":0,"an":13388,"nhomalt":0,"af":0.0},"xx":{"ac":0,"an":7848,"nhomalt":0,"af":0.0},"xy":{"ac":0,"an":5540,"nhomalt":0,"af":0.0}},"faf95":0.0,"faf99":0.0},{"population":"asj","counts":{"overall":{"ac":0,"an":1628,"nhomalt":0,"af":0.0},"xx":{"ac":0,"an":812,"nhomalt":0,"af":0.0},"xy":{"ac":0,"an":816,"nhomalt":0,"af":0.0}},"faf95":null,"faf99":null},{"population":"eas","counts":{"overall":{"ac":0,"an":5546,"nhomalt":0,"af":0.0},"xx":{"ac":0,"an":2836,"nhomalt":0,"af":0.0},"xy":{"ac":0,"an":2710,"nhomalt":0,"af":0.0}},"faf95":0.0,"faf99":0.0},{"population":"eas_jpn","counts":{"overall":{"ac":0,"an":34,"nhomalt":0,"af":0.0},"xx":null,"xy":null},"faf95":null,"faf99":null},{"population":"eas_oea","counts":{"overall":{"ac":0,"an":4096,"nhomalt":0,"af":0.0},"xx":null,"xy":null},"faf95":null,"faf99":null},{"population":"eas_kor","counts":{"overall":{"ac":0,"an":1416,"nhomalt":0,"af":0.0},"xx":null,"xy":null},"faf95":null,"faf99":null},{"population":"fin","counts":{"overall":{"ac":0,"an":11740,"nhomalt":0,"af":0.0},"xx":{"ac":0,"an":6008,"nhomalt":0,"af":0.0},"xy":{"ac":0,"an":5732,"nhomalt":0,"af":0.0}},"faf95":null,"faf99":null},{"population":"nfe","counts":{"overall":{"ac":2,"an":26960,"nhomalt":0,"af":0.000074184},"xx":{"ac":1,"an":12126,"nhomalt":0,"af":0.0000824674},"xy":{"ac":1,"an":14834,"nhomalt":0,"af":0.0000674127}},"faf95":0.00000445,"faf99":0.00000467},{"population":"nfe_bgr","counts":{"overall":{"ac":0,"an":206,"nhomalt":0,"af":0.0},"xx":null,"xy":null},"faf95":null,"faf99":null},{"population":"nfe_est","counts":{"overall":{"ac":0,"an":64,"nhomalt":0,"af":0.0},"xx":null,"xy":null},"faf95":null,"faf99":null},{"population":"nfe_nwe","counts":{"overall":{"ac":2,"an":12958,"nhomalt":0,"af":0.000154345},"xx":null,"xy":null},"faf95":null,"faf99":null},{"population":"nfe_onf","counts":{"overall":{"ac":0,"an":7146,"nhomalt":0,"af":0.0},"xx":null,"xy":null},"faf95":null,"faf99":null},{"population":"nfe_seu","counts":{"overall":{"ac":0,"an":1408,"nhomalt":0,"af":0.0},"xx":null,"xy":null},"faf95":null,"faf99":null},{"population":"nfe_swe","counts":{"overall":{"ac":0,"an":5178,"nhomalt":0,"af":0.0},"xx":null,"xy":null},"faf95":null,"faf99":null},{"population":"oth","counts":{"overall":{"ac":0,"an":1500,"nhomalt":0,"af":0.0},"xx":{"ac":0,"an":748,"nhomalt":0,"af":0.0},"xy":{"ac":0,"an":752,"nhomalt":0,"af":0.0}},"faf95":null,"faf99":null},{"population":"sas","counts":{"overall":{"ac":0,"an":12070,"nhomalt":0,"af":0.0},"xx":{"ac":0,"an":3364,"nhomalt":0,"af":0.0},"xy":{"ac":0,"an":8706,"nhomalt":0,"af":0.0}},"faf95":0.0,"faf99":0.0}],"by_sex":{"overall":{"ac":2,"an":76538,"nhomalt":0,"af":0.0000261308},"xx":{"ac":1,"an":35828,"nhomalt":0,"af":0.0000279111},"xy":null},"raw":{"ac":2,"an":108948,"nhomalt":0,"af":0.0000183574},"popmax":"nfe","af_popmax":0.000074184,"ac_popmax":2,"an_popmax":26960,"nhomalt_popmax":0},{"cohort":"non_cancer","by_population":[{"population":"afr","counts":{"overall":{"ac":0,"an":9588,"nhomalt":0,"af":0.0},"xx":{"ac":0,"an":5892,"nhomalt":0,"af":0.0},"xy":{"ac":0,"an":3696,"nhomalt":0,"af":0.0}},"faf95":0.0,"faf99":0.0},{"population":"amr","counts":{"overall":{"ac":0,"an":26772,"nhomalt":0,"af":0.0},"xx":{"ac":0,"an":15412,"nhomalt":0,"af":0.0},"xy":{"ac":0,"an":11360,"nhomalt":0,"af":0.0}},"faf95":0.0,"faf99":0.0},{"population":"asj","counts":{"overall":{"ac":0,"an":8582,"nhomalt":0,"af":0.0},"xx":{"ac":0,"an":4050,"nhomalt":0,"af":0.0},"xy":{"ac":0,"an":4532,"nhomalt":0,"af":0.0}},"faf95":null,"faf99":null},{"population":"eas","counts":{"overall":{"ac":0,"an":12820,"nhomalt":0,"af":0.0},"xx":{"ac":0,"an":6314,"nhomalt":0,"af":0.0},"xy":{"ac":0,"an":6506,"nhomalt":0,"af":0.0}},"faf95":0.0,"faf99":0.0},{"population":"eas_jpn","counts":{"overall":{"ac":0,"an":44,"nhomalt":0,"af":0.0},"xx":null,"xy":null},"faf95":null,"faf99":null},{"population":"eas_oea","counts":{"overall":{"ac":0,"an":9922,"nhomalt":0,"af":0.0},"xx":null,"xy":null},"faf95":null,"faf99":null},{"population":"eas_kor","counts":{"overall":{"ac":0,"an":2854,"nhomalt":0,"af":0.0},"xx":null,"xy":null},"faf95":null,"faf99":null},{"population":"fin","counts":{"overall":{"ac":0,"an":16508,"nhomalt":0,"af":0.0},"xx":{"ac":0,"an":8526,"nhomalt":0,"af":0.0},"xy":{"ac":0,"an":7982,"nhomalt":0,"af":0.0}},"faf95":null,"faf99":null},{"population":"nfe","counts":{"overall":{"ac":2,"an":69892,"nhomalt":0,"af":0.0000286156},"xx":{"ac":1,"an":30948,"nhomalt":0,"af":0.0000323123},"xy":{"ac":1,"an":38944,"nhomalt":0,"af":0.0000256779}},"faf95":0.00000445,"faf99":0.00000467},{"population":"nfe_bgr","counts":{"overall":{"ac":0,"an":1312,"nhomalt":0,"af":0.0},"xx":null,"xy":null},"faf95":null,"faf99":null},{"population":"nfe_est","counts":{"overall":{"ac":0,"an":150,"nhomalt":0,"af":0.0},"xx":null,"xy":null},"faf95":null,"faf99":null},{"population":"nfe_nwe","counts":{"overall":{"ac":2,"an":35322,"nhomalt":0,"af":0.0000566219},"xx":null,"xy":null},"faf95":null,"faf99":null},{"population":"nfe_onf","counts":{"overall":{"ac":0,"an":19112,"nhomalt":0,"af":0.0},"xx":null,"xy":null},"faf95":null,"faf99":null},{"population":"nfe_seu","counts":{"overall":{"ac":0,"an":3716,"nhomalt":0,"af":0.0},"xx":null,"xy":null},"faf95":null,"faf99":null},{"population":"nfe_swe","counts":{"overall":{"ac":0,"an":10280,"nhomalt":0,"af":0.0},"xx":null,"xy":null},"faf95":null,"faf99":null},{"population":"oth","counts":{"overall":{"ac":0,"an":4670,"nhomalt":0,"af":0.0},"xx":{"ac":0,"an":2236,"nhomalt":0,"af":0.0},"xy":{"ac":0,"an":2434,"nhomalt":0,"af":0.0}},"faf95":null,"faf99":null},{"population":"sas","counts":{"overall":{"ac":0,"an":24158,"nhomalt":0,"af":0.0},"xx":{"ac":0,"an":6112,"nhomalt":0,"af":0.0},"xy":{"ac":0,"an":18046,"nhomalt":0,"af":0.0}},"faf95":0.0,"faf99":0.0}],"by_sex":{"overall":{"ac":2,"an":172990,"nhomalt":0,"af":0.0000115614},"xx":{"ac":1,"an":79490,"nhomalt":0,"af":0.0000125802},"xy":null},"raw":{"ac":2,"an":236048,"nhomalt":0,"af":0.00000847285},"popmax":"nfe","af_popmax":0.0000286156,"ac_popmax":2,"an_popmax":69892,"nhomalt_popmax":0},{"cohort":"non_neuro","by_population":[{"population":"afr","counts":{"overall":{"ac":0,"an":10242,"nhomalt":0,"af":0.0},"xx":{"ac":0,"an":6380,"nhomalt":0,"af":0.0},"xy":{"ac":0,"an":3862,"nhomalt":0,"af":0.0}},"faf95":0.0,"faf99":0.0},{"population":"amr","counts":{"overall":{"ac":0,"an":22850,"nhomalt":0,"af":0.0},"xx":{"ac":0,"an":13496,"nhomalt":0,"af":0.0},"xy":{"ac":0,"an":9354,"nhomalt":0,"af":0.0}},"faf95":0.0,"faf99":0.0},{"population":"asj","counts":{"overall":{"ac":0,"an":5026,"nhomalt":0,"af":0.0},"xx":{"ac":0,"an":2404,"nhomalt":0,"af":0.0},"xy":{"ac":0,"an":2622,"nhomalt":0,"af":0.0}},"faf95":null,"faf99":null},{"population":"eas","counts":{"overall":{"ac":0,"an":10236,"nhomalt":0,"af":0.0},"xx":{"ac":0,"an":5050,"nhomalt":0,"af":0.0},"xy":{"ac":0,"an":5186,"nhomalt":0,"af":0.0}},"faf95":0.0,"faf99":0.0},{"population":"eas_jpn","counts":{"overall":{"ac":0,"an":60,"nhomalt":0,"af":0.0},"xx":null,"xy":null},"faf95":null,"faf99":null},{"population":"eas_oea","counts":{"overall":{"ac":0,"an":7308,"nhomalt":0,"af":0.0},"xx":null,"xy":null},"faf95":null,"faf99":null},{"population":"eas_kor","counts":{"overall":{"ac":0,"an":2868,"nhomalt":0,"af":0.0},"xx":null,"xy":null},"faf95":null,"faf99":null},{"population":"fin","counts":{"overall":{"ac":0,"an":13938,"nhomalt":0,"af":0.0},"xx":{"ac":0,"an":7000,"nhomalt":0,"af":0.0},"xy":{"ac":0,"an":6938,"nhomalt":0,"af":0.0}},"faf95":null,"faf99":null},{"population":"nfe","counts":{"overall":{"ac":2,"an":59746,"nhomalt":0,"af":0.000033475},"xx":{"ac":1,"an":27742,"nhomalt":0,"af":0.0000360464},"xy":{"ac":1,"an":32004,"nhomalt":0,"af":0.0000312461}},"faf95":0.00000445,"faf99":0.00000467},{"population":"nfe_bgr","counts":{"overall":{"ac":0,"an":298,"nhomalt":0,"af":0.0},"xx":null,"xy":null},"faf95":null,"faf99":null},{"population":"nfe_est","counts":{"overall":{"ac":0,"an":182,"nhomalt":0,"af":0.0},"xx":null,"xy":null},"faf95":null,"faf99":null},{"population":"nfe_nwe","counts":{"overall":{"ac":2,"an":30148,"nhomalt":0,"af":0.0000663394},"xx":null,"xy":null},"faf95":null,"faf99":null},{"population":"nfe_onf","counts":{"overall":{"ac":0,"an":18854,"nhomalt":0,"af":0.0},"xx":null,"xy":null},"faf95":null,"faf99":null},{"population":"nfe_seu","counts":{"overall":{"ac":0,"an":3576,"nhomalt":0,"af":0.0},"xx":null,"xy":null},"faf95":null,"faf99":null},{"population":"nfe_swe","counts":{"overall":{"ac":0,"an":6688,"nhomalt":0,"af":0.0},"xx":null,"xy":null},"faf95":null,"faf99":null},{"population":"oth","counts":{"overall":{"ac":0,"an":3880,"nhomalt":0,"af":0.0},"xx":{"ac":0,"an":1920,"nhomalt":0,"af":0.0},"xy":{"ac":0,"an":1960,"nhomalt":0,"af":0.0}},"faf95":null,"faf99":null},{"population":"sas","counts":{"overall":{"ac":0,"an":24180,"nhomalt":0,"af":0.0},"xx":{"ac":0,"an":6130,"nhomalt":0,"af":0.0},"xy":{"ac":0,"an":18050,"nhomalt":0,"af":0.0}},"faf95":0.0,"faf99":0.0}],"by_sex":{"overall":{"ac":2,"an":150098,"nhomalt":0,"af":0.0000133246},"xx":{"ac":1,"an":70122,"nhomalt":0,"af":0.0000142609},"xy":null},"raw":{"ac":2,"an":207100,"nhomalt":0,"af":0.00000965717},"popmax":"nfe","af_popmax":0.000033475,"ac_popmax":2,"an_popmax":59746,"nhomalt_popmax":0},{"cohort":"non_topmed","by_population":[{"population":"afr","counts":{"overall":{"ac":0,"an":9010,"nhomalt":0,"af":0.0},"xx":{"ac":0,"an":5548,"nhomalt":0,"af":0.0},"xy":{"ac":0,"an":3462,"nhomalt":0,"af":0.0}},"faf95":0.0,"faf99":0.0},{"population":"amr","counts":{"overall":{"ac":0,"an":26844,"nhomalt":0,"af":0.0},"xx":{"ac":0,"an":15458,"nhomalt":0,"af":0.0},"xy":{"ac":0,"an":11386,"nhomalt":0,"af":0.0}},"faf95":0.0,"faf99":0.0},{"population":"asj","counts":{"overall":{"ac":0,"an":8756,"nhomalt":0,"af":0.0},"xx":{"ac":0,"an":4144,"nhomalt":0,"af":0.0},"xy":{"ac":0,"an":4612,"nhomalt":0,"af":0.0}},"faf95":null,"faf99":null},{"population":"eas","counts":{"overall":{"ac":0,"an":13148,"nhomalt":0,"af":0.0},"xx":{"ac":0,"an":6510,"nhomalt":0,"af":0.0},"xy":{"ac":0,"an":6638,"nhomalt":0,"af":0.0}},"faf95":0.0,"faf99":0.0},{"population":"eas_jpn","counts":{"overall":{"ac":0,"an":62,"nhomalt":0,"af":0.0},"xx":null,"xy":null},"faf95":null,"faf99":null},{"population":"eas_oea","counts":{"overall":{"ac":0,"an":10216,"nhomalt":0,"af":0.0},"xx":null,"xy":null},"faf95":null,"faf99":null},{"population":"eas_kor","counts":{"overall":{"ac":0,"an":2870,"nhomalt":0,"af":0.0},"xx":null,"xy":null},"faf95":null,"faf99":null},{"population":"fin","counts":{"overall":{"ac":0,"an":16512,"nhomalt":0,"af":0.0},"xx":{"ac":0,"an":8528,"nhomalt":0,"af":0.0},"xy":{"ac":0,"an":7984,"nhomalt":0,"af":0.0}},"faf95":null,"faf99":null},{"population":"nfe","counts":{"overall":{"ac":2,"an":72974,"nhomalt":0,"af":0.000027407},"xx":{"ac":1,"an":32716,"nhomalt":0,"af":0.0000305661},"xy":{"ac":1,"an":40258,"nhomalt":0,"af":0.0000248398}},"faf95":0.00000445,"faf99":0.00000467},{"population":"nfe_bgr","counts":{"overall":{"ac":0,"an":1350,"nhomalt":0,"af":0.0},"xx":null,"xy":null},"faf95":null,"faf99":null},{"population":"nfe_est","counts":{"overall":{"ac":0,"an":204,"nhomalt":0,"af":0.0},"xx":null,"xy":null},"faf95":null,"faf99":null},{"population":"nfe_nwe","counts":{"overall":{"ac":2,"an":35840,"nhomalt":0,"af":0.0000558036},"xx":null,"xy":null},"faf95":null,"faf99":null},{"population":"nfe_onf","counts":{"overall":{"ac":0,"an":21056,"nhomalt":0,"af":0.0},"xx":null,"xy":null},"faf95":null,"faf99":null},{"population":"nfe_seu","counts":{"overall":{"ac":0,"an":4024,"nhomalt":0,"af":0.0},"xx":null,"xy":null},"faf95":null,"faf99":null},{"population":"nfe_swe","counts":{"overall":{"ac":0,"an":10500,"nhomalt":0,"af":0.0},"xx":null,"xy":null},"faf95":null,"faf99":null},{"population":"oth","counts":{"overall":{"ac":0,"an":4798,"nhomalt":0,"af":0.0},"xx":{"ac":0,"an":2302,"nhomalt":0,"af":0.0},"xy":{"ac":0,"an":2496,"nhomalt":0,"af":0.0}},"faf95":null,"faf99":null},{"population":"sas","counts":{"overall":{"ac":0,"an":24186,"nhomalt":0,"af":0.0},"xx":{"ac":0,"an":6130,"nhomalt":0,"af":0.0},"xy":{"ac":0,"an":18056,"nhomalt":0,"af":0.0}},"faf95":0.0,"faf99":0.0}],"by_sex":{"overall":{"ac":2,"an":176228,"nhomalt":0,"af":0.0000113489},"xx":{"ac":1,"an":81336,"nhomalt":0,"af":0.0000122947},"xy":null},"raw":{"ac":2,"an":243722,"nhomalt":0,"af":0.00000820607},"popmax":"nfe","af_popmax":0.000027407,"ac_popmax":2,"an_popmax":72974,"nhomalt_popmax":0}],"nonpar":false,"liftover_info":null,"rf_info":{"rf_tp_probability":0.718866,"rf_positive_label":false,"rf_negative_label":false,"rf_label":null,"rf_train":false},"variant_info":{"variant_type":"snv","allele_type":"snv","n_alt_alleles":1,"was_mixed":false,"has_star":false},"quality_info":{"fs":4.683,"inbreeding_coeff":-0.0078,"mq":60.0,"mq_rank_sum":0.099,"qd":12.72,"read_pos_rank_sum":0.198,"vqsr_positive_train_site":false,"vqsr_negative_train_site":false,"base_q_rank_sum":-1.495,"clipping_rank_sum":-0.322,"sor":0.421,"dp":9394121,"vqslod":0.044,"vqsr_culprit":"MQ","segdup":false,"lcr":false,"decoy":false,"transmitted_singleton":false,"pab_max":1.0},"age_info":{"age_hist_hom_bin_freq":[],"age_hist_hom_n_smaller":0,"age_hist_hom_n_larger":0,"age_hist_het_bin_freq":[],"age_hist_het_n_smaller":0,"age_hist_het_n_larger":0},"depth_info":{"dp_hist_all_n_larger":13668,"dp_hist_alt_n_larger":1,"dp_hist_all_bin_freq":[],"dp_hist_alt_bin_freq":[]}}

