---
source: src/gnomad_nuclear/cli/query.rs
expression: "&out_data"
---
{"chrom":"1","pos":55516888,"ref_allele":"G","alt_allele":"GA","filters":[],"vep":[{"allele":"A","consequence":"intron_variant","impact":"MODIFIER","symbol":"PCSK9","gene":"ENSG00000169174","feature_type":"Transcript","feature":"ENST00000302118","feature_biotype":"protein_coding","exon":null,"intron":"3/11","hgvsc":"ENST00000302118.5:c.524-1063_524-1062insA","hgvsp":null,"cdna_position":null,"cds_position":null,"protein_position":null,"amino_acids":null,"codons":null,"existing_variation":"rs527413419","dbsnp_id":"1","distance":null,"strand":"1","flags":null,"variant_class":"insertion","minimised":"1","symbol_source":"HGNC","hgnc_id":"20001","canonical":true,"tsl":null,"appris":null,"ccds":"CCDS603.1","ensp":"ENSP00000303208","swissprot":"Q8NBP7","trembl":null,"uniparc":"UPI00001615E1","gene_pheno":"1","sift":null,"polyphen":null,"domains":[],"hgvs_offset":null,"gmaf":0.0032,"afr_maf":null,"amr_maf":0.0113,"eas_maf":0.0014,"eur_maf":0.0,"sas_maf":0.0,"aa_maf":0.0,"ea_maf":null,"exac_maf":null,"exac_adj_maf":null,"exac_afr_maf":null,"exac_amr_maf":null,"exac_eas_maf":null,"exac_fin_maf":null,"exac_nfe_maf":null,"exac_oth_maf":null,"exac_sas_maf":null,"clin_sig":null,"somatic":null,"pheno":null,"pubmed":null,"motif_name":null,"motif_pos":null,"high_inf_pos":null,"motif_score_change":null,"lof":null,"lof_filter":null,"lof_flags":null,"lof_info":null},{"allele":"A","consequence":"frameshift_variant","impact":"HIGH","symbol":"PCSK9","gene":"ENSG00000169174","feature_type":"Transcript","feature":"ENST00000452118","feature_biotype":"protein_coding","exon":"4/6","intron":null,"hgvsc":"ENST00000452118.2:c.547_548insA","hgvsp":"ENSP00000401598.2:p.Gly183GlufsTer23","cdna_position":"627-628","cds_position":"547-548","protein_position":"183","amino_acids":"G/EX","codons":"ggc/gAgc","existing_variation":"rs527413419","dbsnp_id":"1","distance":null,"strand":"1","flags":null,"variant_class":"insertion","minimised":"1","symbol_source":"HGNC","hgnc_id":"20001","canonical":false,"tsl":null,"appris":null,"ccds":null,"ensp":"ENSP00000401598","swissprot":null,"trembl":"B4DEZ9","uniparc":"UPI00017A6F55","gene_pheno":"1","sift":null,"polyphen":null,"domains":[],"hgvs_offset":null,"gmaf":0.0032,"afr_maf":null,"amr_maf":0.0113,"eas_maf":0.0014,"eur_maf":0.0,"sas_maf":0.0,"aa_maf":0.0,"ea_maf":null,"exac_maf":null,"exac_adj_maf":null,"exac_afr_maf":null,"exac_amr_maf":null,"exac_eas_maf":null,"exac_fin_maf":null,"exac_nfe_maf":null,"exac_oth_maf":null,"exac_sas_maf":null,"clin_sig":null,"somatic":null,"pheno":null,"pubmed":null,"motif_name":null,"motif_pos":null,"high_inf_pos":null,"motif_score_change":null,"lof":"HC","lof_filter":null,"lof_flags":null,"lof_info":"GERP_DIST:364.1444&BP_DIST:304&PERCENTILE:0.885113268608414&DIST_FROM_LAST_EXON:210&50_BP_RULE:PASS&PHYLOCSF_TOO_SHORT"},{"allele":"A","consequence":"non_coding_transcript_exon_variant&non_coding_transcript_variant","impact":"MODIFIER","symbol":"PCSK9","gene":"ENSG00000169174","feature_type":"Transcript","feature":"ENST00000490692","feature_biotype":"processed_transcript","exon":"1/8","intron":null,"hgvsc":"ENST00000490692.1:n.282_283insA","hgvsp":null,"cdna_position":"282-283","cds_position":null,"protein_position":null,"amino_acids":null,"codons":null,"existing_variation":"rs527413419","dbsnp_id":"1","distance":null,"strand":"1","flags":null,"variant_class":"insertion","minimised":"1","symbol_source":"HGNC","hgnc_id":"20001","canonical":false,"tsl":null,"appris":null,"ccds":null,"ensp":null,"swissprot":null,"trembl":null,"uniparc":null,"gene_pheno":"1","sift":null,"polyphen":null,"domains":[],"hgvs_offset":null,"gmaf":0.0032,"afr_maf":null,"amr_maf":0.0113,"eas_maf":0.0014,"eur_maf":0.0,"sas_maf":0.0,"aa_maf":0.0,"ea_maf":null,"exac_maf":null,"exac_adj_maf":null,"exac_afr_maf":null,"exac_amr_maf":null,"exac_eas_maf":null,"exac_fin_maf":null,"exac_nfe_maf":null,"exac_oth_maf":null,"exac_sas_maf":null,"clin_sig":null,"somatic":null,"pheno":null,"pubmed":null,"motif_name":null,"motif_pos":null,"high_inf_pos":null,"motif_score_change":null,"lof":null,"lof_filter":null,"lof_flags":null,"lof_info":null},{"allele":"A","consequence":"intron_variant","impact":"MODIFIER","symbol":"PCSK9","gene":"ENSG00000169174","feature_type":"Transcript","feature":"ENST00000543384","feature_biotype":"protein_coding","exon":null,"intron":"1/9","hgvsc":"ENST00000543384.1:c.-77-1063_-77-1062insA","hgvsp":null,"cdna_position":null,"cds_position":null,"protein_position":null,"amino_acids":null,"codons":null,"existing_variation":"rs527413419","dbsnp_id":"1","distance":null,"strand":"1","flags":null,"variant_class":"insertion","minimised":"1","symbol_source":"HGNC","hgnc_id":"20001","canonical":false,"tsl":null,"appris":null,"ccds":null,"ensp":"ENSP00000441859","swissprot":null,"trembl":"F5GWF0","uniparc":"UPI000206501F","gene_pheno":"1","sift":null,"polyphen":null,"domains":[],"hgvs_offset":null,"gmaf":0.0032,"afr_maf":null,"amr_maf":0.0113,"eas_maf":0.0014,"eur_maf":0.0,"sas_maf":0.0,"aa_maf":0.0,"ea_maf":null,"exac_maf":null,"exac_adj_maf":null,"exac_afr_maf":null,"exac_amr_maf":null,"exac_eas_maf":null,"exac_fin_maf":null,"exac_nfe_maf":null,"exac_oth_maf":null,"exac_sas_maf":null,"clin_sig":null,"somatic":null,"pheno":null,"pubmed":null,"motif_name":null,"motif_pos":null,"high_inf_pos":null,"motif_score_change":null,"lof":null,"lof_filter":null,"lof_flags":null,"lof_info":null}],"allele_counts":[{"cohort":null,"by_population":[{"population":"afr","counts":{"overall":{"ac":97,"an":6082,"nhomalt":2,"af":0.0159487},"female":{"ac":66,"an":3486,"nhomalt":1,"af":0.0189329},"male":{"ac":31,"an":2596,"nhomalt":1,"af":0.0119414}},"faf95":0.0133815,"faf99":0.0133811},{"population":"amr","counts":{"overall":{"ac":18,"an":24326,"nhomalt":0,"af":0.000739949},"female":{"ac":11,"an":14030,"nhomalt":0,"af":0.000784034},"male":{"ac":7,"an":10296,"nhomalt":0,"af":0.000679876}},"faf95":0.0004775,"faf99":0.00047812},{"population":"asj","counts":{"overall":{"ac":0,"an":8088,"nhomalt":0,"af":0.0},"female":{"ac":0,"an":3812,"nhomalt":0,"af":0.0},"male":{"ac":0,"an":4276,"nhomalt":0,"af":0.0}},"faf95":null,"faf99":null},{"population":"eas","counts":{"overall":{"ac":0,"an":10426,"nhomalt":0,"af":0.0},"female":{"ac":0,"an":5084,"nhomalt":0,"af":0.0},"male":{"ac":0,"an":5342,"nhomalt":0,"af":0.0}},"faf95":0.0,"faf99":0.0},{"population":"fin","counts":{"overall":{"ac":0,"an":5380,"nhomalt":0,"af":0.0},"female":{"ac":0,"an":2762,"nhomalt":0,"af":0.0},"male":{"ac":0,"an":2618,"nhomalt":0,"af":0.0}},"faf95":null,"faf99":null},{"population":"nfe","counts":{"overall":{"ac":4,"an":47556,"nhomalt":0,"af":0.0000841114},"female":{"ac":2,"an":21402,"nhomalt":0,"af":0.0000934492},"male":{"ac":2,"an":26154,"nhomalt":0,"af":0.0000764701}},"faf95":0.00002861,"faf99":0.00002821},{"population":"oth","counts":{"overall":{"ac":2,"an":3988,"nhomalt":0,"af":0.000501505},"female":{"ac":1,"an":1924,"nhomalt":0,"af":0.000519751},"male":{"ac":1,"an":2064,"nhomalt":0,"af":0.000484496}},"faf95":null,"faf99":null},{"population":"sas","counts":{"overall":{"ac":0,"an":22384,"nhomalt":0,"af":0.0},"female":{"ac":0,"an":5516,"nhomalt":0,"af":0.0},"male":{"ac":0,"an":16868,"nhomalt":0,"af":0.0}},"faf95":0.0,"faf99":0.0}],"by_sex":{"overall":{"ac":121,"an":128230,"nhomalt":2,"af":0.000943617},"female":{"ac":80,"an":58016,"nhomalt":1,"af":0.00137893},"male":{"ac":41,"an":70214,"nhomalt":1,"af":0.000583929}},"raw":{"ac":125,"an":142752,"nhomalt":3,"af":0.000875644},"popmax":"afr","af_popmax":0.0159487,"ac_popmax":97,"an_popmax":6082,"nhomalt_popmax":2},{"cohort":"controls","by_population":[{"population":"afr","counts":{"overall":{"ac":50,"an":2368,"nhomalt":1,"af":0.0211149},"female":{"ac":31,"an":1344,"nhomalt":0,"af":0.0230655},"male":{"ac":19,"an":1024,"nhomalt":1,"af":0.0185547}},"faf95":0.0133815,"faf99":0.0133811},{"population":"amr","counts":{"overall":{"ac":12,"an":12120,"nhomalt":0,"af":0.000990099},"female":{"ac":8,"an":7112,"nhomalt":0,"af":0.00112486},"male":{"ac":4,"an":5008,"nhomalt":0,"af":0.000798722}},"faf95":0.0004775,"faf99":0.00047812},{"population":"asj","counts":{"overall":{"ac":0,"an":1454,"nhomalt":0,"af":0.0},"female":{"ac":0,"an":710,"nhomalt":0,"af":0.0},"male":{"ac":0,"an":744,"nhomalt":0,"af":0.0}},"faf95":null,"faf99":null},{"population":"eas","counts":{"overall":{"ac":0,"an":3994,"nhomalt":0,"af":0.0},"female":{"ac":0,"an":2008,"nhomalt":0,"af":0.0},"male":{"ac":0,"an":1986,"nhomalt":0,"af":0.0}},"faf95":0.0,"faf99":0.0},{"population":"fin","counts":{"overall":{"ac":0,"an":1506,"nhomalt":0,"af":0.0},"female":{"ac":0,"an":668,"nhomalt":0,"af":0.0},"male":{"ac":0,"an":838,"nhomalt":0,"af":0.0}},"faf95":null,"faf99":null},{"population":"nfe","counts":{"overall":{"ac":1,"an":18962,"nhomalt":0,"af":0.0000527371},"female":{"ac":1,"an":8658,"nhomalt":0,"af":0.0001155},"male":{"ac":0,"an":10304,"nhomalt":0,"af":0.0}},"faf95":0.00002861,"faf99":0.00002821},{"population":"oth","counts":{"overall":{"ac":0,"an":1272,"nhomalt":0,"af":0.0},"female":{"ac":0,"an":640,"nhomalt":0,"af":0.0},"male":{"ac":0,"an":632,"nhomalt":0,"af":0.0}},"faf95":null,"faf99":null},{"population":"sas","counts":{"overall":{"ac":0,"an":11062,"nhomalt":0,"af":0.0},"female":{"ac":0,"an":2994,"nhomalt":0,"af":0.0},"male":{"ac":0,"an":8068,"nhomalt":0,"af":0.0}},"faf95":0.0,"faf99":0.0}],"by_sex":{"overall":{"ac":63,"an":52738,"nhomalt":1,"af":0.00119458},"female":{"ac":40,"an":24134,"nhomalt":0,"af":0.00165741},"male":{"ac":23,"an":28604,"nhomalt":1,"af":0.000804083}},"raw":{"ac":64,"an":57802,"nhomalt":1,"af":0.00110723},"popmax":"afr","af_popmax":0.0211149,"ac_popmax":50,"an_popmax":2368,"nhomalt_popmax":1},{"cohort":"non_cancer","by_population":[{"population":"afr","counts":{"overall":{"ac":97,"an":6078,"nhomalt":2,"af":0.0159592},"female":{"ac":66,"an":3486,"nhomalt":1,"af":0.0189329},"male":{"ac":31,"an":2592,"nhomalt":1,"af":0.0119599}},"faf95":0.0133815,"faf99":0.0133811},{"population":"amr","counts":{"overall":{"ac":18,"an":24324,"nhomalt":0,"af":0.00074001},"female":{"ac":11,"an":14030,"nhomalt":0,"af":0.000784034},"male":{"ac":7,"an":10294,"nhomalt":0,"af":0.000680008}},"faf95":0.0004775,"faf99":0.00047812},{"population":"asj","counts":{"overall":{"ac":0,"an":8086,"nhomalt":0,"af":0.0},"female":{"ac":0,"an":3812,"nhomalt":0,"af":0.0},"male":{"ac":0,"an":4274,"nhomalt":0,"af":0.0}},"faf95":null,"faf99":null},{"population":"eas","counts":{"overall":{"ac":0,"an":10420,"nhomalt":0,"af":0.0},"female":{"ac":0,"an":5084,"nhomalt":0,"af":0.0},"male":{"ac":0,"an":5336,"nhomalt":0,"af":0.0}},"faf95":0.0,"faf99":0.0},{"population":"fin","counts":{"overall":{"ac":0,"an":5380,"nhomalt":0,"af":0.0},"female":{"ac":0,"an":2762,"nhomalt":0,"af":0.0},"male":{"ac":0,"an":2618,"nhomalt":0,"af":0.0}},"faf95":null,"faf99":null},{"population":"nfe","counts":{"overall":{"ac":4,"an":47510,"nhomalt":0,"af":0.0000841928},"female":{"ac":2,"an":21382,"nhomalt":0,"af":0.0000935366},"male":{"ac":2,"an":26128,"nhomalt":0,"af":0.0000765462}},"faf95":0.00002861,"faf99":0.00002821},{"population":"oth","counts":{"overall":{"ac":2,"an":3988,"nhomalt":0,"af":0.000501505},"female":{"ac":1,"an":1924,"nhomalt":0,"af":0.000519751},"male":{"ac":1,"an":2064,"nhomalt":0,"af":0.000484496}},"faf95":null,"faf99":null},{"population":"sas","counts":{"overall":{"ac":0,"an":22384,"nhomalt":0,"af":0.0},"female":{"ac":0,"an":5516,"nhomalt":0,"af":0.0},"male":{"ac":0,"an":16868,"nhomalt":0,"af":0.0}},"faf95":0.0,"faf99":0.0}],"by_sex":{"overall":{"ac":121,"an":128170,"nhomalt":2,"af":0.000944059},"female":{"ac":80,"an":57996,"nhomalt":1,"af":0.00137941},"male":{"ac":41,"an":70174,"nhomalt":1,"af":0.000584262}},"raw":{"ac":123,"an":139372,"nhomalt":2,"af":0.00088253},"popmax":"afr","af_popmax":0.0159592,"ac_popmax":97,"an_popmax":6078,"nhomalt_popmax":2},{"cohort":"non_neuro","by_population":[{"population":"afr","counts":{"overall":{"ac":97,"an":6050,"nhomalt":2,"af":0.0160331},"female":{"ac":66,"an":3474,"nhomalt":1,"af":0.0189983},"male":{"ac":31,"an":2576,"nhomalt":1,"af":0.0120342}},"faf95":0.0133815,"faf99":0.0133811},{"population":"amr","counts":{"overall":{"ac":13,"an":20320,"nhomalt":0,"af":0.000639764},"female":{"ac":8,"an":12050,"nhomalt":0,"af":0.0006639},"male":{"ac":5,"an":8270,"nhomalt":0,"af":0.000604595}},"faf95":0.0004775,"faf99":0.00047812},{"population":"asj","counts":{"overall":{"ac":0,"an":4460,"nhomalt":0,"af":0.0},"female":{"ac":0,"an":2092,"nhomalt":0,"af":0.0},"male":{"ac":0,"an":2368,"nhomalt":0,"af":0.0}},"faf95":null,"faf99":null},{"population":"eas","counts":{"overall":{"ac":0,"an":7920,"nhomalt":0,"af":0.0},"female":{"ac":0,"an":3824,"nhomalt":0,"af":0.0},"male":{"ac":0,"an":4096,"nhomalt":0,"af":0.0}},"faf95":0.0,"faf99":0.0},{"population":"fin","counts":{"overall":{"ac":0,"an":3506,"nhomalt":0,"af":0.0},"female":{"ac":0,"an":1604,"nhomalt":0,"af":0.0},"male":{"ac":0,"an":1902,"nhomalt":0,"af":0.0}},"faf95":null,"faf99":null},{"population":"nfe","counts":{"overall":{"ac":2,"an":42406,"nhomalt":0,"af":0.0000471631},"female":{"ac":1,"an":19602,"nhomalt":0,"af":0.0000510152},"male":{"ac":1,"an":22804,"nhomalt":0,"af":0.000043852}},"faf95":0.00002861,"faf99":0.00002821},{"population":"oth","counts":{"overall":{"ac":2,"an":3284,"nhomalt":0,"af":0.000609013},"female":{"ac":1,"an":1628,"nhomalt":0,"af":0.000614251},"male":{"ac":1,"an":1656,"nhomalt":0,"af":0.000603865}},"faf95":null,"faf99":null},{"population":"sas","counts":{"overall":{"ac":0,"an":22382,"nhomalt":0,"af":0.0},"female":{"ac":0,"an":5516,"nhomalt":0,"af":0.0},"male":{"ac":0,"an":16866,"nhomalt":0,"af":0.0}},"faf95":0.0,"faf99":0.0}],"by_sex":{"overall":{"ac":114,"an":110328,"nhomalt":2,"af":0.00103328},"female":{"ac":76,"an":49790,"nhomalt":1,"af":0.00152641},"male":{"ac":38,"an":60538,"nhomalt":1,"af":0.000627705}},"raw":{"ac":118,"an":121616,"nhomalt":3,"af":0.000970267},"popmax":"afr","af_popmax":0.0160331,"ac_popmax":97,"an_popmax":6050,"nhomalt_popmax":2},{"cohort":"non_topmed","by_population":[{"population":"afr","counts":{"overall":{"ac":90,"an":5912,"nhomalt":2,"af":0.0152233},"female":{"ac":61,"an":3372,"nhomalt":1,"af":0.0180902},"male":{"ac":29,"an":2540,"nhomalt":1,"af":0.0114173}},"faf95":0.0133815,"faf99":0.0133811},{"population":"amr","counts":{"overall":{"ac":18,"an":24272,"nhomalt":0,"af":0.000741595},"female":{"ac":11,"an":14000,"nhomalt":0,"af":0.000785714},"male":{"ac":7,"an":10272,"nhomalt":0,"af":0.000681464}},"faf95":0.0004775,"faf99":0.00047812},{"population":"asj","counts":{"overall":{"ac":0,"an":8048,"nhomalt":0,"af":0.0},"female":{"ac":0,"an":3794,"nhomalt":0,"af":0.0},"male":{"ac":0,"an":4254,"nhomalt":0,"af":0.0}},"faf95":null,"faf99":null},{"population":"eas","counts":{"overall":{"ac":0,"an":10422,"nhomalt":0,"af":0.0},"female":{"ac":0,"an":5084,"nhomalt":0,"af":0.0},"male":{"ac":0,"an":5338,"nhomalt":0,"af":0.0}},"faf95":0.0,"faf99":0.0},{"population":"fin","counts":{"overall":{"ac":0,"an":5378,"nhomalt":0,"af":0.0},"female":{"ac":0,"an":2760,"nhomalt":0,"af":0.0},"male":{"ac":0,"an":2618,"nhomalt":0,"af":0.0}},"faf95":null,"faf99":null},{"population":"nfe","counts":{"overall":{"ac":4,"an":46514,"nhomalt":0,"af":0.0000859956},"female":{"ac":2,"an":20834,"nhomalt":0,"af":0.0000959969},"male":{"ac":2,"an":25680,"nhomalt":0,"af":0.0000778816}},"faf95":0.00002861,"faf99":0.00002821},{"population":"oth","counts":{"overall":{"ac":2,"an":3938,"nhomalt":0,"af":0.000507872},"female":{"ac":1,"an":1898,"nhomalt":0,"af":0.00052687},"male":{"ac":1,"an":2040,"nhomalt":0,"af":0.000490196}},"faf95":null,"faf99":null},{"population":"sas","counts":{"overall":{"ac":0,"an":22384,"nhomalt":0,"af":0.0},"female":{"ac":0,"an":5516,"nhomalt":0,"af":0.0},"male":{"ac":0,"an":16868,"nhomalt":0,"af":0.0}},"faf95":0.0,"faf99":0.0}],"by_sex":{"overall":{"ac":114,"an":126868,"nhomalt":2,"af":0.000898572},"female":{"ac":75,"an":57258,"nhomalt":1,"af":0.00130986},"male":{"ac":39,"an":69610,"nhomalt":1,"af":0.000560264}},"raw":{"ac":118,"an":140614,"nhomalt":3,"af":0.000839177},"popmax":"afr","af_popmax":0.0152233,"ac_popmax":90,"an_popmax":5912,"nhomalt_popmax":2}],"nonpar":false,"rf_info":{"rf_tp_probability":0.831697,"rf_positive_label":true,"rf_negative_label":false,"rf_label":"TP","rf_train":true},"variant_info":{"variant_type":"mixed","allele_type":"ins","n_alt_alleles":3,"was_mixed":true,"has_star":false},"quality_info":{"fs":0.568,"inbreeding_coeff":0.0346,"mq":59.75,"mq_rank_sum":0.459,"qd":15.76,"read_pos_rank_sum":0.0,"sor":0.767,"vqsr_positive_train_site":true,"vqsr_negative_train_site":false,"base_q_rank_sum":1.45,"clipping_rank_sum":0.137,"dp":3701481,"vqslod":6.1,"vqsr_culprit":"FS","segdup":false,"lcr":false,"decoy":false,"transmitted_singleton":false,"pab_max":1.0},"age_info":{"age_hist_hom_bin_freq":[],"age_hist_hom_n_smaller":0,"age_hist_hom_n_larger":0,"age_hist_het_bin_freq":[],"age_hist_het_n_smaller":9,"age_hist_het_n_larger":1},"depth_info":{"dp_hist_all_n_larger":26,"dp_hist_alt_n_larger":0,"dp_hist_all_bin_freq":[],"dp_hist_alt_bin_freq":[]}}

