---
source: src/gnomad_mtdna/cli/query.rs
expression: "&out_data"
---
{"chrom":"MT","pos":3,"ref_allele":"T","alt_allele":"C","variant_collapsed":"T3C","excluded_ac":0,"an":56434,"ac_hom":19,"ac_het":1,"af_hom":0.000336676,"af_het":0.0000177198,"filters":[],"mitotip_score":null,"mitotip_trna_prediction":null,"pon_mt_trna_prediction":null,"pon_ml_probability_of_pathogenicity":null,"vep":[{"allele":"C","consequence":"intergenic_variant","impact":"MODIFIER","symbol":"","gene":"","feature_type":"Intergenic","feature":"","feature_biotype":"","exon":null,"intron":null,"hgvsc":null,"hgvsp":null,"cdna_position":null,"cds_position":null,"protein_position":null,"amino_acids":null,"codons":null,"dbsnp_id":"1","distance":null,"strand":null,"variant_class":"SNV","minimised":null,"symbol_source":null,"hgnc_id":null,"canonical":null,"tsl":null,"appris":null,"ccds":null,"ensp":null,"swissprot":null,"trembl":null,"uniparc":null,"gene_pheno":null,"sift":null,"polyphen":null,"domains":[],"hgvs_offset":null,"motif_name":null,"motif_pos":null,"high_inf_pos":null,"motif_score_change":null,"lof":null,"lof_filter":null,"lof_flags":null,"lof_info":null}],"quality_info":{"dp_mean":2522.87,"mq_mean":60.0,"tlod_mean":6805.54},"heteroplasmy_info":{"heteroplasmy_below_min_het_threshold_hist":[0,0,0,0,0,0,0,0,0,0],"hl_hist":[0,0,0,0,0,0,0,0,1,19],"common_low_heteroplasmy":false,"max_hl":0.997},"filter_histograms":{"base_qual_hist":[0,0,0,0,0,0,0,0,0,0],"position_hist":[0,0,0,0,0,0,0,0,0,0],"strand_bias_hist":[0,0,0,0,0,0,0,0,0,0],"weak_evidence_hist":[0,0,0,0,0,0,0,0,0,0],"contamination_hist":[0,0,0,0,0,0,0,0,0,0]},"population_info":{"pop_an":[14347,392,5718,1415,1482,4892,25849,826,1493,20],"pop_ac_het":[0,0,0,0,0,0,1,0,0,0],"pop_ac_hom":[0,0,0,0,0,0,19,0,0,0],"pop_af_hom":[0.0,0.0,0.0,0.0,0.0,0.0,0.000735038,0.0,0.0,0.0],"pop_af_het":[0.0,0.0,0.0,0.0,0.0,0.0,0.0000386862,0.0,0.0,0.0],"pop_hl_hist":[0,0,0,0,0,0,0,0,0,0,0,0,0,0,0,0,0,0,0,0,0,0,0,0,0,0,0,0,0,0,0,0,0,0,0,0,0,0,0,0,0,0,0,0,0,0,0,0,0,0,0,0,0,0,0,0,0,0,0,0,0,0,0,0,0,0,0,0,1,19,0,0,0,0,0,0,0,0,0,0,0,0,0,0,0,0,0,0,0,0,0,0,0,0,0,0,0,0,0,0]},"haplogroup_info":{"hap_defining_variant":false,"hap_an":[2680,1537,868,603,34,282,91,14784,701,934,3144,2732,663,2977,4724,5672,126,1,1298,366,7,393,3080,6037,1234,819,546,12,89],"hap_ac_het":[0,0,0,0,0,0,0,0,0,0,0,0,0,0,0,0,0,0,0,0,0,0,1,0,0,0,0,0,0],"hap_ac_hom":[0,0,0,0,0,0,0,1,0,0,0,0,0,0,0,0,0,0,0,0,0,0,17,1,0,0,0,0,0],"hap_af_het":[0.0,0.0,0.0,0.0,0.0,0.0,0.0,0.0,0.0,0.0,0.0,0.0,0.0,0.0,0.0,0.0,0.0,0.0,0.0,0.0,0.0,0.0,0.000324675,0.0,0.0,0.0,0.0,0.0,0.0],"hap_af_hom":[0.0,0.0,0.0,0.0,0.0,0.0,0.0,0.0000676407,0.0,0.0,0.0,0.0,0.0,0.0,0.0,0.0,0.0,0.0,0.0,0.0,0.0,0.0,0.00551948,0.000165645,0.0,0.0,0.0,0.0,0.0],"hap_hl_hist":[0,0,0,0,0,0,0,0,0,0,0,0,0,0,0,0,0,0,0,0,0,0,0,0,0,0,0,0,0,0,0,0,0,0,0,0,0,0,0,0,0,0,0,0,0,0,0,0,0,0,0,0,0,0,0,0,0,0,0,0,0,0,0,0,0,0,0,0,0,0,0,0,0,0,0,0,0,0,0,1,0,0,0,0,0,0,0,0,0,0,0,0,0,0,0,0,0,0,0,0,0,0,0,0,0,0,0,0,0,0,0,0,0,0,0,0,0,0,0,0,0,0,0,0,0,0,0,0,0,0,0,0,0,0,0,0,0,0,0,0,0,0,0,0,0,0,0,0,0,0,0,0,0,0,0,0,0,0,0,0,0,0,0,0,0,0,0,0,0,0,0,0,0,0,0,0,0,0,0,0,0,0,0,0,0,0,0,0,0,0,0,0,0,0,0,0,0,0,0,0,0,0,0,0,0,0,0,0,0,0,0,0,0,0,0,0,0,0,0,0,0,0,0,0,0,0,0,0,1,17,0,0,0,0,0,0,0,0,0,1,0,0,0,0,0,0,0,0,0,0,0,0,0,0,0,0,0,0,0,0,0,0,0,0,0,0,0,0,0,0,0,0,0,0,0,0,0,0,0,0,0,0,0,0,0,0,0,0,0,0],"hap_faf_hom":[0.0,0.0,0.0,0.0,0.0,0.0,0.0,0.0,0.0,0.0,0.0,0.0,0.0,0.0,0.0,0.0,0.0,0.0,0.0,0.0,0.0,0.0,0.00351633,0.0,0.0,0.0,0.0,0.0,0.0],"hapmax_af_hom":"T","hapmax_af_het":"T","faf_hapmax_hom":0.00351633},"age_info":{"age_hist_hom_bin_freq":[0,1,0,2,1,0,0,2,0,0],"age_hist_hom_n_smaller":3,"age_hist_hom_n_larger":0,"age_hist_het_bin_freq":[0,0,0,0,0,0,0,0,0,0],"age_hist_het_n_smaller":0,"age_hist_het_n_larger":0},"depth_info":{"dp_hist_all_n_larger":35782,"dp_hist_alt_n_larger":11,"dp_hist_all_bin_freq":[0,1,217,1234,2334,2600,2967,3324,3791,4184],"dp_hist_alt_bin_freq":[0,0,0,0,2,0,1,4,2,0]}}

