---
source: src/gnomad_mtdna/cli/query.rs
expression: "&out_data"
---

