---
source: src/cons/cli/query.rs
expression: "&out_data"
---
{"chromosome":"13","start":95227036,"end":95227038,"hgnc_id":"HGNC:20324","enst_id":"ENST00000261296","alignment":"ZZZZZZZZZZZQQZZQQVQQQQQQQ-QQQZZQQQQQQQQZQQQQQQQQQZZQQQQQQQEEETTTTTTTTAAATTTTTRT-DP------------------"}
{"chromosome":"13","start":95227039,"end":95227041,"hgnc_id":"HGNC:20324","enst_id":"ENST00000261296","alignment":"VVVVVVVVVVVVVVIVVVVVVVIVV-VVVVVVVVVVVVVVIVVVVAAIVVGVVVVVVVVVVVVVVVVVVVVVVVMVVVV--V-V----------------"}
{"chromosome":"13","start":95227042,"end":95227044,"hgnc_id":"HGNC:20324","enst_id":"ENST00000261296","alignment":"PPPPPPPPPPPPPPPPPPPPLPPAP-PPPPPPPPPPPPPPPPPPPPPPPPPPPPPPPPPPPPPPPPPPPPPPPPPPPPPPPPLP----------------"}
{"chromosome":"13","start":95227045,"end":95227047,"hgnc_id":"HGNC:20324","enst_id":"ENST00000261296","alignment":"FFFFFFFFFFFFFFFFFFFFFFFFF-FFFFFFFFFFFFFFFFFFFFFFFFFFFFFFFFFFFFFFFFFFFFFFFFFFFFFFFFFF--------------F-"}
{"chromosome":"13","start":95227048,"end":95227050,"hgnc_id":"HGNC:20324","enst_id":"ENST00000261296","alignment":"PPPPPPPPPPPPPPPPPPPPSPPPP-PPPPPPPPPPPPPPPPPPPPPPPAPPPPPPPPPPPPPPPPPPPPPPPPPPPPPPPPPP--------------H-"}
{"chromosome":"13","start":95227051,"end":95227053,"hgnc_id":"HGNC:20324","enst_id":"ENST00000261296","alignment":"EEEEEEEEEEEEEEEEEEEEEEEEE-EEEEEEEEEEEEEEEEEEEEEEEEEEEEEEEEEEEDEEEEEEEEEEEEEEEEEDDEEE--------------E-"}
{"chromosome":"13","start":95227054,"end":95227056,"hgnc_id":"HGNC:20324","enst_id":"ENST00000261296","alignment":"LLLLLLLLLLLLLLLLLLLLLLLLL-LLLLLLLLLLLLLLLLLLLLLLLLLLLLLLLLLLLLLLLLLLLLLLLLLLLLLLLLLL--------------L-"}
{"chromosome":"13","start":95227057,"end":95227059,"hgnc_id":"HGNC:20324","enst_id":"ENST00000261296","alignment":"AAAAAAAAAAAAAAAAAAAAAAAAA-AAAAAAAAAAAAAAAAAAAAAAAAAAAAAAAAAAAAAAAAAAAAAAAAAAAAAAAAAA--------------A-"}
{"chromosome":"13","start":95227060,"end":95227062,"hgnc_id":"HGNC:20324","enst_id":"ENST00000261296","alignment":"KKKKKKKKKKKKKKKKKKKKKKKKK-KKKKKKKKKKKKKKKKKKKKKKKKKKKKKKKKKKKKKKKKKKKKKKKKKKKKKKKKLA--------------N-"}
{"chromosome":"13","start":95227063,"end":95227065,"hgnc_id":"HGNC:20324","enst_id":"ENST00000261296","alignment":"EEEEEEEEEEEEEEEEEEEEEEEEE-EEEEEEEEEEEEEEEEEEEDDDEEEEEEEEEEEEEEEEEEEEEEEEEEEEEEEEEEEE--------------E-"}

