---
source: src/cons/cli/query.rs
expression: "&out_data"
---

