---
source: src/tsv/cli/query.rs
expression: "&out_data"
---

