---
source: src/tsv/cli/query.rs
expression: "&out_data"
---
{"CHROM":"chr1","POS":1000,"REF":"A","ALT":"T","payload":0.1}

