---
source: src/dbsnp/cli/query.rs
expression: "&out_data"
---

