---
source: src/dbsnp/cli/query.rs
expression: "&out_data"
---
{"chrom":"17","pos":41267752,"ref_allele":"AT","alt_allele":"A","rs_id":80357943}

