---
source: src/dbsnp/cli/query.rs
expression: "&out_data"
---
{"chrom":"17","pos":41267746,"ref_allele":"C","alt_allele":"A","rs_id":80357446}
{"chrom":"17","pos":41267746,"ref_allele":"C","alt_allele":"CA","rs_id":431825385}
{"chrom":"17","pos":41267746,"ref_allele":"C","alt_allele":"T","rs_id":80357446}
{"chrom":"17","pos":41267746,"ref_allele":"CA","alt_allele":"C","rs_id":80357951}
{"chrom":"17","pos":41267747,"ref_allele":"A","alt_allele":"C","rs_id":80357327}
{"chrom":"17","pos":41267747,"ref_allele":"A","alt_allele":"G","rs_id":80357327}
{"chrom":"17","pos":41267747,"ref_allele":"A","alt_allele":"T","rs_id":80357327}
{"chrom":"17","pos":41267749,"ref_allele":"A","alt_allele":"G","rs_id":1298544053}
{"chrom":"17","pos":41267752,"ref_allele":"AT","alt_allele":"A","rs_id":80357943}
{"chrom":"17","pos":41267753,"ref_allele":"T","alt_allele":"C","rs_id":80357163}
{"chrom":"17","pos":41267753,"ref_allele":"T","alt_allele":"G","rs_id":80357163}
{"chrom":"17","pos":41267754,"ref_allele":"G","alt_allele":"A","rs_id":786202211}
{"chrom":"17","pos":41267754,"ref_allele":"GT","alt_allele":"G","rs_id":397508847}
{"chrom":"17","pos":41267755,"ref_allele":"T","alt_allele":"A","rs_id":80357276}
{"chrom":"17","pos":41267755,"ref_allele":"T","alt_allele":"C","rs_id":80357276}
{"chrom":"17","pos":41267756,"ref_allele":"G","alt_allele":"T","rs_id":1060502353}
{"chrom":"17","pos":41267757,"ref_allele":"G","alt_allele":"A","rs_id":1060504580}
{"chrom":"17","pos":41267758,"ref_allele":"TCA","alt_allele":"T","rs_id":80357972}
{"chrom":"17","pos":41267759,"ref_allele":"C","alt_allele":"T","rs_id":879255290}
{"chrom":"17","pos":41267760,"ref_allele":"A","alt_allele":"C","rs_id":886040898}
{"chrom":"17","pos":41267761,"ref_allele":"C","alt_allele":"A","rs_id":80357498}
{"chrom":"17","pos":41267761,"ref_allele":"C","alt_allele":"T","rs_id":80357498}
{"chrom":"17","pos":41267762,"ref_allele":"A","alt_allele":"C","rs_id":80357164}
{"chrom":"17","pos":41267762,"ref_allele":"A","alt_allele":"G","rs_id":80357164}
{"chrom":"17","pos":41267762,"ref_allele":"A","alt_allele":"T","rs_id":80357164}
{"chrom":"17","pos":41267763,"ref_allele":"C","alt_allele":"A","rs_id":1800062}
{"chrom":"17","pos":41267763,"ref_allele":"C","alt_allele":"T","rs_id":1800062}
{"chrom":"17","pos":41267763,"ref_allele":"CTT","alt_allele":"C","rs_id":80357949}
{"chrom":"17","pos":41267766,"ref_allele":"T","alt_allele":"A","rs_id":1293537445}
{"chrom":"17","pos":41267767,"ref_allele":"G","alt_allele":"C","rs_id":80356880}
{"chrom":"17","pos":41267767,"ref_allele":"G","alt_allele":"T","rs_id":80356880}
{"chrom":"17","pos":41267770,"ref_allele":"G","alt_allele":"T","rs_id":183557525}
{"chrom":"17","pos":41267771,"ref_allele":"A","alt_allele":"T","rs_id":905812561}
{"chrom":"17","pos":41267771,"ref_allele":"AGACAG","alt_allele":"A","rs_id":886039920}
{"chrom":"17","pos":41267771,"ref_allele":"AGACAGGTT","alt_allele":"A","rs_id":886040338}
{"chrom":"17","pos":41267773,"ref_allele":"A","alt_allele":"C","rs_id":1235706456}
{"chrom":"17","pos":41267774,"ref_allele":"C","alt_allele":"A","rs_id":879255284}
{"chrom":"17","pos":41267774,"ref_allele":"CA","alt_allele":"C","rs_id":886039922}
{"chrom":"17","pos":41267775,"ref_allele":"AG","alt_allele":"A","rs_id":80357750}
{"chrom":"17","pos":41267776,"ref_allele":"G","alt_allele":"A","rs_id":786203319}
{"chrom":"17","pos":41267777,"ref_allele":"G","alt_allele":"A","rs_id":1064793357}
{"chrom":"17","pos":41267779,"ref_allele":"T","alt_allele":"G","rs_id":876660844}
{"chrom":"17","pos":41267780,"ref_allele":"C","alt_allele":"G","rs_id":80357066}
{"chrom":"17","pos":41267783,"ref_allele":"TG","alt_allele":"T","rs_id":886040332}
{"chrom":"17","pos":41267784,"ref_allele":"G","alt_allele":"C","rs_id":80357000}
{"chrom":"17","pos":41267788,"ref_allele":"A","alt_allele":"T","rs_id":397509331}
{"chrom":"17","pos":41267790,"ref_allele":"C","alt_allele":"T","rs_id":1343667553}
{"chrom":"17","pos":41267791,"ref_allele":"T","alt_allele":"C","rs_id":773841328}
{"chrom":"17","pos":41267792,"ref_allele":"C","alt_allele":"A","rs_id":80357443}
{"chrom":"17","pos":41267792,"ref_allele":"CCA","alt_allele":"C","rs_id":80357728}

