---
source: src/common/keys.rs
expression: pos
---
Pos {
    chrom: "chr1",
    pos: 123,
}
